// Jest Snapshot v1, https://goo.gl/fbAQLP

exports[`Pruebas sobre el <GifExpertApp /> Debe de hacer match con el snapshot <GifExpertApp /> 1`] = `
<div>
  <h1>
    GifExpertApp
  </h1>
  <form
    aria-label="form"
  >
    <input
      placeholder="Buscar gifs"
      type="text"
      value=""
    />
  </form>
</div>
`;
